  [   1] 00457d26   0.02s  SOLVED (sta)     solved=1/1 (100.0%)  total=0.0m
  [   2] 00c032a8   0.12s  SOLVED (lit)     solved=2/2 (100.0%)  total=0.0m
  [   3] 00d8b3db   0.28s  no-soln          solved=2/3 (66.7%)  total=0.0m
  [   4] 012cab1f   0.13s  SOLVED (lit)     solved=3/4 (75.0%)  total=0.0m
  [   5] 0133bcec   0.38s  SOLVED (sta)     solved=4/5 (80.0%)  total=0.0m
  [   6] 017a871e   1.43s  SOLVED (lit)     solved=5/6 (83.3%)  total=0.0m
  [   7] 01b2aa67   2.31s  no-soln          solved=5/7 (71.4%)  total=0.1m
  [   8] 01cd504a   0.06s  SOLVED (lit)     solved=6/8 (75.0%)  total=0.1m
  [   9] 01ef1e3e   0.17s  SOLVED (sta)     solved=7/9 (77.8%)  total=0.1m
  [  10] 022c4d73   0.09s  no-soln          solved=7/10 (70.0%)  total=0.1m
  [  25] 047c4111   0.05s  SOLVED (sta)     solved=19/25 (76.0%)  total=0.2m
  [  50] 0a15c5c7   0.02s  SOLVED (sta)     solved=35/50 (70.0%)  total=0.5m
  [  75] 0e3307ba   0.01s  SOLVED (sta)     solved=46/75 (61.3%)  total=0.8m
  [ 100] 12734c90   0.07s  SOLVED (lit)     solved=59/100 (59.0%)  total=1.2m
  [ 125] 16cf827a   0.84s  SOLVED (lit)     solved=75/125 (60.0%)  total=1.7m
  [ 150] 1ab54795   0.46s  no-soln          solved=84/150 (56.0%)  total=1.9m
  [ 175] 1f445c5e   0.01s  no-soln          solved=99/175 (56.6%)  total=2.3m
  [ 200] 23800316   0.62s  SOLVED (lit)     solved=117/200 (58.5%)  total=2.5m
  [ 225] 272bde97   0.03s  SOLVED (sta)     solved=133/225 (59.1%)  total=2.6m
  [ 250] 2bc2a65a   0.00s  SOLVED (lit)     solved=146/250 (58.4%)  total=2.9m
  [ 275] 2e9973b7   0.02s  SOLVED (sta)     solved=158/275 (57.5%)  total=3.0m
  [ 300] 31eb8247   8.01s  TIMEOUT          solved=175/300 (58.3%)  total=3.3m
  [ 325] 35672155   0.05s  no-soln          solved=186/325 (57.2%)  total=3.8m
  [ 350] 39c237c7   0.00s  SOLVED (sta)     solved=202/350 (57.7%)  total=4.0m
  [ 375] 3ec77e36   0.16s  no-soln          solved=213/375 (56.8%)  total=4.3m
  [ 400] 42d4dcf7   0.40s  no-soln          solved=226/400 (56.5%)  total=4.6m
  [ 425] 47c1d8f5   1.21s  no-soln          solved=237/425 (55.8%)  total=5.1m
  [ 450] 4bfd095a   0.03s  no-soln          solved=248/450 (55.1%)  total=5.5m
  [ 475] 4ed6b56f   0.01s  SOLVED (sta)     solved=262/475 (55.2%)  total=5.7m
  [ 500] 51dafb5b   0.02s  SOLVED (lit)     solved=277/500 (55.4%)  total=6.2m
  [ 525] 563bf8f9   0.09s  no-soln          solved=286/525 (54.5%)  total=6.7m
  [ 550] 5a0d95e2   0.05s  no-soln          solved=295/550 (53.6%)  total=6.9m
  [ 575] 5d89a09c   0.08s  SOLVED (lit)     solved=308/575 (53.6%)  total=7.1m
  [ 600] 61557701   0.14s  no-soln          solved=323/600 (53.8%)  total=7.3m
  [ 625] 65c52214   0.24s  no-soln          solved=337/625 (53.9%)  total=7.4m
  [ 650] 6ab04968   0.00s  SOLVED (sta)     solved=355/650 (54.6%)  total=7.6m
  [ 675] 6e60b0c5   0.33s  SOLVED (sta)     solved=370/675 (54.8%)  total=7.8m
  [ 700] 71e02000   0.36s  no-soln          solved=386/700 (55.1%)  total=7.9m
  [ 725] 76b79a0c   0.05s  SOLVED (lit)     solved=404/725 (55.7%)  total=8.1m
  [ 750] 7b3d06f7   0.01s  SOLVED (sta)     solved=414/750 (55.2%)  total=8.4m
  [ 775] 7eecd498   0.12s  no-soln          solved=425/775 (54.8%)  total=8.6m
  [ 800] 823c8278   0.00s  SOLVED (sta)     solved=435/800 (54.4%)  total=8.8m
  [ 825] 85dc976c   0.13s  SOLVED (lit)     solved=446/825 (54.1%)  total=9.3m
  [ 850] 899e9abc   0.05s  no-soln          solved=462/850 (54.4%)  total=9.8m
  [ 875] 8e411cc7   0.03s  SOLVED (sta)     solved=477/875 (54.5%)  total=10.4m
  [ 900] 92135360   0.03s  SOLVED (lit)     solved=493/900 (54.8%)  total=10.7m
  [ 925] 95353c23   1.60s  SOLVED (sta)     solved=503/925 (54.4%)  total=11.1m
  [ 950] 9925be81   0.08s  no-soln          solved=517/950 (54.4%)  total=11.2m
  [ 975] 9cb03277   0.06s  SOLVED (lit)     solved=532/975 (54.6%)  total=11.6m
  [1000] 9fc69c17   0.00s  SOLVED (sta)     solved=545/1000 (54.5%)  total=11.9m
  [1025] a35fa1a0   8.04s  TIMEOUT          solved=556/1025 (54.2%)  total=12.2m
  [1050] a8e033fe   0.06s  SOLVED (sta)     solved=570/1050 (54.3%)  total=12.5m
  [1075] ae4aef23   0.16s  no-soln          solved=585/1075 (54.4%)  total=12.7m
  [1100] b1bc3731   0.77s  no-soln          solved=595/1100 (54.1%)  total=13.0m
  [1125] b69391b8   0.01s  SOLVED (sta)     solved=607/1125 (54.0%)  total=13.1m
  [1150] bc0935ee   8.13s  TIMEOUT          solved=620/1150 (53.9%)  total=13.4m
  [1175] c06e61a2   0.47s  SOLVED (lit)     solved=632/1175 (53.8%)  total=13.8m
  [1200] c6e60b82   4.35s  SOLVED (lit)     solved=649/1200 (54.1%)  total=14.1m
  [1225] ca43107b   0.02s  SOLVED (sta)     solved=667/1225 (54.4%)  total=14.2m
  [1250] cdec898a   0.45s  no-soln          solved=680/1250 (54.4%)  total=14.7m
  [1275] d204b9cc   0.38s  SOLVED (lit)     solved=699/1275 (54.8%)  total=14.9m
  [1300] d5aa5564   0.02s  SOLVED (sta)     solved=714/1300 (54.9%)  total=15.1m
  [1325] d8bc44b3   0.02s  SOLVED (sta)     solved=727/1325 (54.9%)  total=15.2m
  [1350] db66c42c   0.32s  no-soln          solved=736/1350 (54.5%)  total=15.5m
  [1375] df309eeb   0.15s  no-soln          solved=749/1375 (54.5%)  total=15.8m
  [1400] e4479bb1   0.14s  no-soln          solved=761/1400 (54.4%)  total=16.2m
  [1425] e8de8b47   0.03s  SOLVED (sta)     solved=778/1425 (54.6%)  total=16.3m
  [1450] ec37a5e7   0.08s  no-soln          solved=790/1450 (54.5%)  total=16.7m
  [1475] f29193ea   0.33s  no-soln          solved=803/1475 (54.4%)  total=17.2m
  [1500] f66f0fe0   0.00s  SOLVED (lit)     solved=816/1500 (54.4%)  total=17.2m
  [1525] fa952980   0.01s  no-soln          solved=826/1525 (54.2%)  total=17.5m
  [1550] fee66e16   0.04s  no-soln          solved=837/1550 (54.0%)  total=18.0m

============================================================
  Sequence puzzle solver — final results
============================================================
  Total puzzles  : 1555
  Solved         : 839  (54.0%)
  No solution    : 668
  Timed out      : 48
  Wall time      : 18.0 min
  Output → sequence_solved.jsonl
